  Determining projects to restore...
  All projects are up-to-date for restore.
  UserService.Api -> E:\Projects\Github\naveen-bathina\AdBox\src\services\user-service\src\bin\Debug\net10.0\UserService.Api.dll
  tests -> E:\Projects\Github\naveen-bathina\AdBox\src\services\user-service\tests\bin\Debug\net10.0\tests.dll
Test run for E:\Projects\Github\naveen-bathina\AdBox\src\services\user-service\tests\bin\Debug\net10.0\tests.dll (.NETCoreApp,Version=v10.0)
VSTest version 18.0.1 (x64)

Starting test execution, please wait...
A total of 1 test files matched the specified pattern.
  Failed UserService.Tests.Integration.SurveyControllerTests.Admin_Can_Create_Survey [311 ms]
  Error Message:
   Microsoft.CSharp.RuntimeBinder.RuntimeBinderException : 'System.Text.Json.JsonElement' does not contain a definition for 'title'
  Stack Trace:
     at CallSite.Target(Closure, CallSite, Object)
   at System.Dynamic.UpdateDelegates.UpdateAndExecute1[T0,TRet](CallSite site, T0 arg0)
   at UserService.Controllers.SurveyController.CreateSurvey(Object survey) in E:\Projects\Github\naveen-bathina\AdBox\src\services\user-service\src\Controllers\SurveyController.cs:line 13
   at lambda_method25(Closure, Object, Object[])
   at Microsoft.AspNetCore.Mvc.Infrastructure.ActionMethodExecutor.SyncActionResultExecutor.Execute(ActionContext actionContext, IActionResultTypeMapper mapper, ObjectMethodExecutor executor, Object controller, Object[] arguments)
   at Microsoft.AspNetCore.Mvc.Infrastructure.ControllerActionInvoker.InvokeActionMethodAsync()
   at Microsoft.AspNetCore.Mvc.Infrastructure.ControllerActionInvoker.Next(State& next, Scope& scope, Object& state, Boolean& isCompleted)
   at Microsoft.AspNetCore.Mvc.Infrastructure.ControllerActionInvoker.InvokeNextActionFilterAsync()
--- End of stack trace from previous location ---
   at Microsoft.AspNetCore.Mvc.Infrastructure.ControllerActionInvoker.Rethrow(ActionExecutedContextSealed context)
   at Microsoft.AspNetCore.Mvc.Infrastructure.ControllerActionInvoker.Next(State& next, Scope& scope, Object& state, Boolean& isCompleted)
   at Microsoft.AspNetCore.Mvc.Infrastructure.ControllerActionInvoker.InvokeInnerFilterAsync()
--- End of stack trace from previous location ---
   at Microsoft.AspNetCore.Mvc.Infrastructure.ResourceInvoker.<InvokeFilterPipelineAsync>g__Awaited|20_0(ResourceInvoker invoker, Task lastTask, State next, Scope scope, Object state, Boolean isCompleted)
   at Microsoft.AspNetCore.Mvc.Infrastructure.ResourceInvoker.<InvokeAsync>g__Awaited|17_0(ResourceInvoker invoker, Task task, IDisposable scope)
   at Microsoft.AspNetCore.Mvc.Infrastructure.ResourceInvoker.<InvokeAsync>g__Awaited|17_0(ResourceInvoker invoker, Task task, IDisposable scope)
   at Microsoft.AspNetCore.Authorization.AuthorizationMiddleware.Invoke(HttpContext context)
   at Microsoft.AspNetCore.Authentication.AuthenticationMiddleware.Invoke(HttpContext context)
   at Microsoft.AspNetCore.TestHost.HttpContextBuilder.<>c__DisplayClass23_0.<<SendAsync>g__RunRequestAsync|0>d.MoveNext()
--- End of stack trace from previous location ---
   at Microsoft.AspNetCore.TestHost.ClientHandler.SendAsync(HttpRequestMessage request, CancellationToken cancellationToken)
   at Microsoft.AspNetCore.Mvc.Testing.Handlers.CookieContainerHandler.SendAsync(HttpRequestMessage request, CancellationToken cancellationToken)
   at Microsoft.AspNetCore.Mvc.Testing.Handlers.RedirectHandler.SendAsync(HttpRequestMessage request, CancellationToken cancellationToken)
   at System.Net.Http.HttpClient.<SendAsync>g__Core|83_0(HttpRequestMessage request, HttpCompletionOption completionOption, CancellationTokenSource cts, Boolean disposeCts, CancellationTokenSource pendingRequestsCts, CancellationToken originalCancellationToken)
   at UserService.Tests.Integration.SurveyControllerTests.Admin_Can_Create_Survey() in E:\Projects\Github\naveen-bathina\AdBox\src\services\user-service\tests\Integration\SurveyControllerTests.cs:line 30
--- End of stack trace from previous location ---

Failed!  - Failed:     1, Passed:     3, Skipped:     0, Total:     4, Duration: 332 ms - tests.dll (net10.0)
